
> ecommerce-frontend@1.0.0 build
> next build

  Ôû▓ Next.js 14.2.35
  - Environments: .env.local
  - Experiments (use with caution):
    ┬À optimizeCss

   Creating an optimized production build ...
> [PWA] Compile server
> [PWA] Compile server
> [PWA] Compile client (static)
> [PWA] Auto register service worker with: G:\Fiverr-E-Commerce\frontend\node_modules\next-pwa\register.js
> [PWA] Service worker: G:\Fiverr-E-Commerce\frontend\public\sw.js
> [PWA]   url: /sw.js
> [PWA]   scope: /
 Ô£ô Compiled successfully
   Linting and checking validity of types ...
node.exe : Failed to compile.
At C:\Program Files\nodejs\npm.ps1:29 char:3
+   & $NODE_EXE $NPM_CLI_JS $args
+   ~~~~~~~~~~~~~~~~~~~~~~~~~~~~~
    + CategoryInfo          : NotSpecified: (Failed to compile.:String) [], RemoteException
    + FullyQualifiedErrorId : NativeCommandError
 

./src/lib/seo.ts:50:5
Type error: Type '{ type: "website" | "article" | "product"; url: string; title: string; description: string; 
siteName: string; images: { url: string; width: number; height: number; alt: string; }[]; locale: string; }' is not 
assignable to type 'OpenGraph | null | undefined'.
  Types of property 'type' are incompatible.
    Type '"website" | "article" | "product"' is not assignable to type '"website" | "article" | undefined'.
      Type '"product"' is not assignable to type '"website" | "article" | undefined'.

[0m [90m 48 |[39m       }[33m,[39m[0m
[0m [90m 49 |[39m     }[33m,[39m[0m
[0m[31m[1m>[22m[39m[90m 50 |[39m     openGraph[33m:[39m {[0m
[0m [90m    |[39m     [31m[1m^[22m[39m[0m
[0m [90m 51 |[39m       type[33m,[39m[0m
[0m [90m 52 |[39m       url[33m:[39m fullUrl[33m,[39m[0m
[0m [90m 53 |[39m       title[33m,[39m[0m
Next.js build worker exited with code: 1 and signal: null
